* Microsoft COBOL Version 4.5        L2.4 revision 002 07-Mar-23 20:39 Page   1
*                                       EX06.CBL
* Options: LIST(EX06.LST) ASMLIST(EX06.GRP)
     1 IDENTIFICATION DIVISION.
     2 PROGRAM-ID. EX06.
     3 AUTHOR. BRUNO RODRIGUES DE CARVALHO.
     4 INSTALLATION. FATEC-SP.
     5 DATE-WRITTEN. 07/03/2022.
     6 DATE-COMPILED. 07-Mar-23 20:39.
     7
     8 ENVIRONMENT DIVISION.
     9
    10 CONFIGURATION SECTION.
    11 SOURCE-COMPUTER. BRUNO-NOTEBOOK.
    12 OBJECT-COMPUTER. BRUNO-NOTEBOOK.
    13 SPECIAL-NAMES. DECIMAL-POINT IS COMMA.
    14
    15 INPUT-OUTPUT SECTION.
    16
    17 FILE-CONTROL.
    18
    19     SELECT CADENT ASSIGN TO DISK
    20     ORGANIZATION IS LINE SEQUENTIAL.
    21
    22     SELECT CADSAI ASSIGN TO DISK
    23     ORGANIZATION IS LINE SEQUENTIAL.
    24
    25 DATA DIVISION.
    26
    27 FILE SECTION.
    28 FD CADENT
    29     LABEL RECORD ARE STANDARD
    30     VALUE OF FILE-ID IS "CADENT.DAT".
    31
    32 01 REG-ENT.
    33     02 MATRICULA-ENT PIC 9(05).
    34     02 NOME-ENT PIC X(30).
    35     02 SALARIOBRUTO-ENT PIC 9(05).
    36
    37 FD CADSAI
    38     LABEL RECORD ARE STANDARD
    39     VALUE OF FILE-ID IS "CADSAI.DAT".
    40
    41 01 REG-SAI.
    42     02 MATRICULA-SAI PIC 9(05).
    43     02 NOME-SAI PIC X(30).
    44     02 SALARIOBRUTO-SAI PIC 9(05).
    45
    46 WORKING-STORAGE SECTION.
    47
    48 77 FIM-ARQ PIC X(03) VALUE "NAO".
    49
    50 PROCEDURE DIVISION.
    51
    52     PERFORM INICIO.
    53         PERFORM PRINCIPAL UNTIL FIM-ARQ EQUAL "SIM".
    54         PERFORM TERMINO.
    55
    56     STOP RUN.
    57
* Microsoft COBOL Version 4.5        L2.4 revision 002 07-Mar-23 20:39 Page   2
*                                       EX06.CBL
    58 INICIO.
    59
    60     OPEN INPUT CADENT
    61          OUTPUT CADSAI.
    62     PERFORM LEITURA.
    63
    64 LEITURA.
    65
    66     READ CADENT AT END MOVE "SIM" TO FIM-ARQ.
    67
    68 PRINCIPAL.
    69
    70         PERFORM CALCULO.
    71         PERFORM LEITURA.
    72
    73 CALCULO.
    74     IF SALARIOBRUTO-ENT IS GREATER THAN 3000
    75        PERFORM GRAVACAO.
    76
    77 GRAVACAO.
    78
    79     MOVE MATRICULA-ENT TO MATRICULA-SAI.
    80     MOVE NOME-ENT TO NOME-SAI.
    81     MOVE SALARIOBRUTO-ENT TO SALARIOBRUTO-SAI.
    82     WRITE REG-SAI.
    83
    84 TERMINO.
    85
    86     CLOSE CADENT CADSAI.
* Microsoft COBOL Version 4.5        L2.4 revision 002
* (C)Copyright Microsoft Corp 1984, 1991       URN AXUPA/MS0/000000
*                                              REF GNB-024050002A7
*
* Total Messages:     0
* Data:        1048     Code:         335     Dictionary:        1099
