* Microsoft COBOL Version 4.5        L2.4 revision 002 23-Apr-23 09:55 Page   1
*                                       EX05.CBL
* Options: LIST(EX05.LST) ASMLIST(EX05.GRP)
     1 IDENTIFICATION DIVISION.
     2 PROGRAM-ID. EX05.
     3 AUTHOR. BRUNO CARVALHO.
     4 INSTALLATION.  BRUNO-PC.
     5 DATE-WRITTEN.  22/04/2023.
     6 DATE-COMPILED. 23-Apr-23 09:55.
     7 SECURITY. APENAS O AUTOR PODE MODIFICA-LO.
     8*REMARKS.    LER REGISTROS E IMPRIMIR RELATORIO.
     9
    10 ENVIRONMENT DIVISION.
    11 CONFIGURATION SECTION.
    12 SOURCE-COMPUTER. BRUNO-PC.
    13 OBJECT-COMPUTER. BRUNO-PC.
    14 SPECIAL-NAMES. DECIMAL-POINT IS COMMA.
    15
    16 INPUT-OUTPUT SECTION.
    17 FILE-CONTROL.
    18     SELECT ARQALU ASSIGN TO DISK
    19     ORGANIZATION IS LINE SEQUENTIAL.
    20
    21     SELECT RELAPROV ASSIGN TO DISK.
    22
    23     SELECT ARQREP ASSIGN TO DISK
    24     ORGANIZATION IS LINE SEQUENTIAL.
    25
    26 DATA DIVISION.
    27 FILE SECTION.
    28
    29 FD  ARQALU
    30     LABEL RECORD ARE STANDARD
    31     VALUE OF FILE-ID IS "ARQALU.DAT".
    32 01  REG-ALU.
    33     02 MATRICULA-ALU   PIC 9(07).
    34     02 NOME-ALU        PIC X(30).
    35     02 NOTA1-ALU       PIC 9(02)V9(02).
    36     02 NOTA2-ALU       PIC 9(02)V9(02).
    37     02 NOTA3-ALU       PIC 9(02)V9(02).
    38     02 FALTAS-ALU      PIC 9(02).
    39     02 SEXO-ALU        PIC X(01).
    40
    41 FD  RELAPROV
    42     LABEL RECORD IS OMITTED
    43     VALUE OF FILE-ID IS "RELAPROV.txt".
    44 01  REG-APROV    PIC X(80).
    45 01  QTD-APROV    PIC X(80).
    46 01  MEDIA-TURMA  PIC X(80).
    47
    48 FD  ARQREP
    49     LABEL RECORD ARE STANDARD
    50     VALUE OF FILE-ID IS "ARQREP.DAT".
    51 01  REG-REP.
    52     02 MATRICULA-REPROV   PIC 9(07).
    53     02 NOME-REPROV        PIC X(30).
    54     02 NOTA1-REPROV       PIC 9(02)V9(02).
    55     02 NOTA2-REPROV       PIC 9(02)V9(02).
    56     02 NOTA3-REPROV       PIC 9(02)V9(02).
    57     02 FALTAS-REPROV      PIC 9(02).
* Microsoft COBOL Version 4.5        L2.4 revision 002 23-Apr-23 09:55 Page   2
*                                       EX05.CBL
    58     02 SEXO-REPROV        PIC X(01).
    59
    60 WORKING-STORAGE SECTION.
    61 77  FIM-ARQ           PIC X(03) VALUE "NAO".
    62 77  CT-LIN            PIC 9(02) VALUE 30.
    63 77  CT-PAG            PIC 9(02) VALUE ZEROES.
    64 77  TEMP-SOMA-ALU     PIC 9(04)V9(04) VALUE ZEROES.
    65 77  TEMP-MED-ALUNO    PIC 9(02)V9(02) VALUE ZEROES.
    66 77  TEMP-APROVADOS    PIC 9(05) VALUE ZEROES.
    67 77  TEMP-MEDIA-TOT    PIC 9(08)V9(08) VALUE ZEROES.
    68 77  TEMP-MEDIA-TURMA  PIC 9(08)V9(08) VALUE ZEROES.
    69
    70 01  CAB-01.
    71     02 FILLER  PIC X(10) VALUE SPACES.
    72     02 FILLER  PIC X(30) VALUE "RELATORIO DE ALUNOS APROVADOS ".
    73     02 FILLER  PIC X(10) VALUE SPACES.
    74     02 FILLER  PIC X(05) VALUE "PAG. ".
    75     02 VAR-PAG PIC Z9.
    76     02 FILLER  PIC X(03) VALUE SPACES.
    77
    78 01  CAB-02.
    79     02 FILLER  PIC X(06) VALUE "NUMERO".
    80     02 FILLER  PIC X(06) VALUE SPACES.
    81     02 FILLER  PIC X(13) VALUE "NOME DO ALUNO".
    82     02 FILLER  PIC X(17) VALUE SPACES.
    83     02 FILLER  PIC X(05) VALUE "MEDIA".
    84     02 FILLER  PIC X(04) VALUE SPACES.
    85     02 FILLER  PIC X(06) VALUE "FALTAS".
    86
    87 01  DETALHE.
    88     02 NUMERO      PIC 9(07).
    89     02 FILLER      PIC X(04) VALUE SPACES.
    90     02 NOME        PIC X(30).
    91     02 FILLER      PIC X(01) VALUE SPACES.
    92     02 MEDIA       PIC Z9,99.
    93     02 FILLER      PIC X(06) VALUE SPACES.
    94     02 FALTA       PIC 9(02).
    95
    96 01  TOT-APROVADOS.
    97     02 FILLER PIC X(27) VALUE "Total de alunos aprovados: ".
    98     02 TOTAL-APROVADOS PIC 9(05).
    99
   100 01  MED-APROVADOS.
   101     02 FILLER PIC X(20) VALUE "Media geral da turma".
   102     02 FILLER PIC X(07) VALUE "     : ".
   103     02 MEDIA-APROVADOS PIC Z9,99.
   104
   105 PROCEDURE DIVISION.
   106
   107 EXEMPLO-IMPRESSAO.
   108     PERFORM INICIO.
   109     PERFORM PRINCIPAL UNTIL FIM-ARQ EQUAL "SIM".
   110     PERFORM IMPRESSAO-FINAL.
   111     PERFORM FIM.
   112     STOP RUN.
   113
   114 INICIO.
   115     OPEN INPUT ARQALU
* Microsoft COBOL Version 4.5        L2.4 revision 002 23-Apr-23 09:55 Page   3
*                                       EX05.CBL
   116          OUTPUT ARQREP RELAPROV.
   117     PERFORM LEITURA.
   118
   119 LEITURA.
   120     READ ARQALU AT END MOVE "SIM" TO FIM-ARQ.
   121
   122 CALCMEDIA.
   123     MOVE ZEROES   TO TEMP-SOMA-ALU.
   124     MOVE ZEROES   TO TEMP-MED-ALUNO.
   125
   126     ADD NOTA1-ALU TO TEMP-SOMA-ALU.
   127     ADD NOTA2-ALU TO TEMP-SOMA-ALU.
   128     ADD NOTA3-ALU TO TEMP-SOMA-ALU.
   129
   130     DIVIDE TEMP-SOMA-ALU BY 3
   131        GIVING TEMP-MED-ALUNO.
   132
   133 DECISAO.
   134     PERFORM CALCMEDIA.
   135     IF TEMP-MED-ALUNO GREATER OR EQUAL 7 AND
   136        FALTAS-ALU < 16
   137        PERFORM IMPRESSAO
   138     ELSE PERFORM GRAVACAO.
   139
   140 PRINCIPAL.
   141     PERFORM DECISAO.
   142     PERFORM LEITURA.
   143
   144 CABECALHO.
   145     ADD 1           TO CT-PAG.
   146     MOVE CT-PAG     TO VAR-PAG.
   147     MOVE SPACES     TO REG-APROV.
   148
   149     IF CT-PAG = 1
   150        WRITE REG-APROV FROM CAB-01
   151     ELSE WRITE REG-APROV FROM CAB-01 AFTER ADVANCING 4 LINE.
   152     WRITE REG-APROV FROM CAB-02 AFTER ADVANCING 2 LINE.
   153     MOVE ZEROES     TO CT-LIN.
   154
   155 IMPRESSAO.
   156     IF CT-LIN EQUAL 30
   157        PERFORM CABECALHO.
   158
   159     MOVE MATRICULA-ALU     TO NUMERO
   160     MOVE NOME-ALU          TO NOME
   161     MOVE TEMP-MED-ALUNO    TO MEDIA
   162     ADD  TEMP-MED-ALUNO    TO TEMP-MEDIA-TOT
   163     MOVE FALTAS-ALU        TO FALTA
   164
   165     ADD 1 TO CT-LIN.
   166     ADD 1 TO TEMP-APROVADOS.
   167
   168     IF CT-LIN EQUAL 1
   169        WRITE REG-APROV FROM DETALHE AFTER ADVANCING 2 LINE
   170        ELSE WRITE REG-APROV FROM DETALHE AFTER ADVANCING 1 LINE.
   171
   172 GRAVACAO.
   173     MOVE MATRICULA-ALU TO MATRICULA-REPROV
* Microsoft COBOL Version 4.5        L2.4 revision 002 23-Apr-23 09:55 Page   4
*                                       EX05.CBL
   174     MOVE NOME-ALU      TO NOME-REPROV
   175     MOVE NOTA1-ALU     TO NOTA1-REPROV
   176     MOVE NOTA2-ALU     TO NOTA2-REPROV
   177     MOVE NOTA3-ALU     TO NOTA3-REPROV
   178     MOVE FALTAS-ALU    TO FALTAS-REPROV
   179     MOVE SEXO-ALU      TO SEXO-REPROV
   180     WRITE REG-REP.
   181
   182 IMPRESSAO-FINAL.
   183     MOVE TEMP-APROVADOS TO TOTAL-APROVADOS
   184     WRITE QTD-APROV FROM TOT-APROVADOS
   185        AFTER ADVANCING 4 LINE.
   186
   187     DIVIDE TEMP-MEDIA-TOT BY TEMP-APROVADOS
   188        GIVING TEMP-MEDIA-TURMA.
   189
   190     MOVE TEMP-MEDIA-TURMA TO MEDIA-APROVADOS
   191     WRITE MEDIA-TURMA FROM MED-APROVADOS
   192        AFTER ADVANCING 1 LINE.
   193
   194 FIM.
   195     CLOSE ARQALU RELAPROV ARQREP.
   196
   197
   198
   199
   200
* Microsoft COBOL Version 4.5        L2.4 revision 002
* (C)Copyright Microsoft Corp 1984, 1991       URN AXUPA/MS0/000000
*                                              REF GNB-024050002A7
*
* Total Messages:     0
* Data:        1644     Code:         917     Dictionary:        2806
