* Microsoft COBOL Version 4.5        L2.4 revision 002 11-Mar-23 10:35 Page   1
*                                       EX08.CBL
* Options: LIST(EX08.LST) ASMLIST(EX08.GRP)
     1 IDENTIFICATION DIVISION.
     2 PROGRAM-ID. EX08.
     3 AUTHOR. BRUNO RODRIGUES DE CARVALHO.
     4 INSTALLATION. FATEC-SP.
     5 DATE-WRITTEN. 11/03/2022.
     6 DATE-COMPILED. 11-Mar-23 10:35.
     7
     8 ENVIRONMENT DIVISION.
     9
    10 CONFIGURATION SECTION.
    11 SOURCE-COMPUTER. BRUNO-NOTEBOOK.
    12 OBJECT-COMPUTER. BRUNO-NOTEBOOK.
    13 SPECIAL-NAMES. DECIMAL-POINT IS COMMA.
    14
    15 INPUT-OUTPUT SECTION.
    16
    17 FILE-CONTROL.
    18     SELECT CADFUN ASSIGN TO DISK
    19     ORGANIZATION IS LINE SEQUENTIAL.
    20
    21     SELECT CADSAI ASSIGN TO DISK
    22     ORGANIZATION IS LINE SEQUENTIAL.
    23
    24 DATA DIVISION.
    25
    26 FILE SECTION.
    27 FD CADFUN
    28     LABEL RECORD ARE STANDARD
    29     VALUE OF FILE-ID IS "CADFUN.DAT".
    30 01 REG-ENT.
    31     02 CODIGO-ENT PIC 9(05).
    32     02 NOME-ENT PIC X(20).
    33     02 SALARIO-BRUTO PIC 9(05)V99.
    34
    35 FD CADSAI
    36     LABEL RECORD ARE STANDARD
    37     VALUE OF FILE-ID IS "CADSAI.DAT".
    38 01 REG-SAI.
    39     02 CODIGO-SAI PIC 9(05).
    40     02 NOME-SAI PIC X(20).
    41     02 SALARIO-REAJUSTADO PIC 9(05)V99.
    42
    43 WORKING-STORAGE SECTION.
    44 77 FIM-ARQ PIC X(03) VALUE "NAO".
    45
    46 PROCEDURE DIVISION.
    47     PERFORM LEITURA
    48     PERFORM PRINCIPAL UNTIL FIM-ARQ EQUAL "SIM"
    49     PERFORM TERMINO
    50     STOP RUN.
    51
    52 LEITURA.
    53     OPEN INPUT CADFUN OUTPUT CADSAI
    54     READ CADFUN
    55     AT END MOVE "SIM" TO FIM-ARQ.
    56
    57 PRINCIPAL.
* Microsoft COBOL Version 4.5        L2.4 revision 002 11-Mar-23 10:35 Page   2
*                                       EX08.CBL
    58     IF FIM-ARQ NOT EQUAL "SIM"
    59        PERFORM CALCULO
    60        PERFORM GRAVACAO
    61        READ CADFUN
    62        AT END MOVE "SIM" TO FIM-ARQ.
    63
    64 CALCULO.
    65     IF SALARIO-BRUTO IS LESS THAN OR EQUAL TO 1000
    66        COMPUTE SALARIO-REAJUSTADO = SALARIO-BRUTO * 1,12
    67     ELSE IF SALARIO-BRUTO IS LESS THAN OR EQUAL TO 2000
    68        COMPUTE SALARIO-REAJUSTADO = SALARIO-BRUTO * 1,11
    69     ELSE
    70        COMPUTE SALARIO-REAJUSTADO = SALARIO-BRUTO * 1,10.
    71
    72 GRAVACAO.
    73     MOVE CODIGO-ENT TO CODIGO-SAI.
    74     MOVE NOME-ENT TO NOME-SAI.
    75     WRITE REG-SAI.
    76
    77 TERMINO.
    78     CLOSE CADFUN CADSAI.
    79
* Microsoft COBOL Version 4.5        L2.4 revision 002
* (C)Copyright Microsoft Corp 1984, 1991       URN AXUPA/MS0/000000
*                                              REF GNB-024050002A7
*
* Total Messages:     0
* Data:        1032     Code:         437     Dictionary:        1067
