* Microsoft COBOL Version 4.5        L2.4 revision 002 18-Aug-23 20:18 Page   1
*                                       EX02.CBL
* Options: LIST(EX02.LST) ASMLIST(EX02.GRP)
     1 IDENTIFICATION DIVISION.
     2 PROGRAM-ID.  EM01-EX02.
     3 AUTHOR. BRUNO RODRIGUES DE CARVALHO.
     4 INSTALLATION.  FATEC-SP.
     5 DATE-WRITTEN.  18/AUG/2023.
     6 DATE-COMPILED. 18-Aug-23 20:18.
     7
     8 ENVIRONMENT DIVISION.
     9 CONFIGURATION SECTION.
    10 SOURCE-COMPUTER. FATEC-SP.
    11 OBJECT-COMPUTER. BRUNO-PC.
    12 SPECIAL-NAMES. DECIMAL-POINT IS COMMA.
    13
    14 DATA DIVISION.
    15 WORKING-STORAGE SECTION.
    16
    17 77 BASEMAIOR PIC 9(003) VALUE ZEROS.
    18 77 BASEMENOR PIC 9(003) VALUE ZEROS.
    19 77 ALTURA PIC 9(003) VALUE ZEROS.
    20 77 AREA-RESULT PIC 9(003) VALUE ZEROS.
    21
    22 PROCEDURE DIVISION.
    23
    24 INICIO.
    25
    26     DISPLAY ERASE.
    27     DISPLAY "CALCULO DE AREA (TRAPEZIO)" AT 0521.
    28     DISPLAY "BASE-MAIOR: " AT 1010.
    29     DISPLAY "BASE-MENOR: " AT 1210.
    30     DISPLAY "ALTURA: "  AT 1410.
    31
    32     ACCEPT BASEMAIOR AT 1022.
    33     ACCEPT BASEMENOR AT 1222.
    34     ACCEPT ALTURA AT 1422.
    35
    36     COMPUTE AREA-RESULT =((BASEMAIOR+BASEMENOR)*ALTURA)/2.
    37     DISPLAY "AREA: " AT 1610 AREA-RESULT.
    38     DISPLAY " " AT 1810.
    39
    40 STOP RUN.
    41
    42
    43
    44
* Microsoft COBOL Version 4.5        L2.4 revision 002
* (C)Copyright Microsoft Corp 1984, 1991       URN AXUPA/MS0/000000
*                                              REF GNB-024050002A7
*
* Total Messages:     0
* Data:         640     Code:         260     Dictionary:         481
